// Jest Snapshot v1, https://goo.gl/fbAQLP

exports[`should render Header correctly 1`] = `
<header>
  <h1>
    Expensify App
  </h1>
  <ul>
    <li>
      <NavLink
        activeClassName="is-active"
        exact={true}
        to="/"
      >
         Dashboard 
      </NavLink>
    </li>
    <li>
      <NavLink
        activeClassName="is-active"
        to="/create"
      >
         Create expense 
      </NavLink>
    </li>
  </ul>
</header>
`;
